// Jest Snapshot v1, https://goo.gl/fbAQLP

exports[`CurrencyExchange Snapshots sending account should match snapshot 1`] = `
Object {
  "asFragment": [Function],
  "baseElement": <body>
    <div>
      <div
        class="sc-jSFjdj fJOzHk"
      >
        <div
          class="sc-iCoGMd dfSdNJ"
        >
          <div
            class="sc-gtsrHT mjMEe"
          >
            <div
              class="sc-dlnjwi ffkZxH"
            >
              <div
                class="MuiInputBase-root MuiInput-root sc-bdnxRM eMbhKg"
              >
                <div
                  aria-haspopup="listbox"
                  class="MuiSelect-root MuiSelect-select MuiSelect-selectMenu MuiInputBase-input MuiInput-input"
                  role="button"
                  tabindex="0"
                >
                  USD
                </div>
                <input
                  aria-hidden="true"
                  class="MuiSelect-nativeInput"
                  tabindex="-1"
                  value="33bba04a"
                />
                <svg
                  aria-hidden="true"
                  class="MuiSvgIcon-root MuiSelect-icon"
                  focusable="false"
                  viewBox="0 0 24 24"
                >
                  <path
                    d="M7 10l5 5 5-5z"
                  />
                </svg>
              </div>
              <div
                class="MuiInputBase-root MuiInput-root sc-eCApnc jQvmOi"
              >
                <input
                  class="MuiInputBase-input MuiInput-input"
                  type="text"
                  value="0"
                />
              </div>
            </div>
            <div
              class="sc-dlnjwi ffkZxH"
            >
              <span
                class="sc-hKFxyN dimflz"
              >
                Balance: 
                $
                2340.00
              </span>
            </div>
          </div>
        </div>
        <div
          class="MuiChip-root sc-pNWdM ddNSfw MuiChip-outlined"
        >
          <span
            class="MuiChip-label"
          >
            $1 = €0.82
          </span>
        </div>
        <div
          class="sc-iCoGMd sc-fujyAs dfSdNJ gHZHtL"
        >
          <div
            class="sc-gtsrHT cMYXGm"
          >
            <div
              class="sc-dlnjwi ffkZxH"
            >
              <div
                class="MuiInputBase-root MuiInput-root sc-bdnxRM eMbhKg"
              >
                <div
                  aria-haspopup="listbox"
                  class="MuiSelect-root MuiSelect-select MuiSelect-selectMenu MuiInputBase-input MuiInput-input"
                  role="button"
                  tabindex="0"
                >
                  EUR
                </div>
                <input
                  aria-hidden="true"
                  class="MuiSelect-nativeInput"
                  tabindex="-1"
                  value="33bba31a"
                />
                <svg
                  aria-hidden="true"
                  class="MuiSvgIcon-root MuiSelect-icon"
                  focusable="false"
                  viewBox="0 0 24 24"
                >
                  <path
                    d="M7 10l5 5 5-5z"
                  />
                </svg>
              </div>
              <div
                class="MuiInputBase-root MuiInput-root sc-eCApnc jQvmOi Mui-disabled Mui-disabled"
              >
                <input
                  class="MuiInputBase-input MuiInput-input Mui-disabled Mui-disabled"
                  disabled=""
                  type="text"
                  value="0"
                />
              </div>
            </div>
            <div
              class="sc-dlnjwi ffkZxH"
            >
              <span
                class="sc-hKFxyN dimflz"
              >
                Balance: 
                €
                87.00
              </span>
            </div>
          </div>
          <button
            class="MuiButtonBase-root MuiButton-root MuiButton-contained sc-jrsJWt bsREHq MuiButton-containedPrimary"
            tabindex="0"
            type="button"
          >
            <span
              class="MuiButton-label"
            >
              Exchange
            </span>
            <span
              class="MuiTouchRipple-root"
            />
          </button>
        </div>
      </div>
    </div>
  </body>,
  "container": <div>
    <div
      class="sc-jSFjdj fJOzHk"
    >
      <div
        class="sc-iCoGMd dfSdNJ"
      >
        <div
          class="sc-gtsrHT mjMEe"
        >
          <div
            class="sc-dlnjwi ffkZxH"
          >
            <div
              class="MuiInputBase-root MuiInput-root sc-bdnxRM eMbhKg"
            >
              <div
                aria-haspopup="listbox"
                class="MuiSelect-root MuiSelect-select MuiSelect-selectMenu MuiInputBase-input MuiInput-input"
                role="button"
                tabindex="0"
              >
                USD
              </div>
              <input
                aria-hidden="true"
                class="MuiSelect-nativeInput"
                tabindex="-1"
                value="33bba04a"
              />
              <svg
                aria-hidden="true"
                class="MuiSvgIcon-root MuiSelect-icon"
                focusable="false"
                viewBox="0 0 24 24"
              >
                <path
                  d="M7 10l5 5 5-5z"
                />
              </svg>
            </div>
            <div
              class="MuiInputBase-root MuiInput-root sc-eCApnc jQvmOi"
            >
              <input
                class="MuiInputBase-input MuiInput-input"
                type="text"
                value="0"
              />
            </div>
          </div>
          <div
            class="sc-dlnjwi ffkZxH"
          >
            <span
              class="sc-hKFxyN dimflz"
            >
              Balance: 
              $
              2340.00
            </span>
          </div>
        </div>
      </div>
      <div
        class="MuiChip-root sc-pNWdM ddNSfw MuiChip-outlined"
      >
        <span
          class="MuiChip-label"
        >
          $1 = €0.82
        </span>
      </div>
      <div
        class="sc-iCoGMd sc-fujyAs dfSdNJ gHZHtL"
      >
        <div
          class="sc-gtsrHT cMYXGm"
        >
          <div
            class="sc-dlnjwi ffkZxH"
          >
            <div
              class="MuiInputBase-root MuiInput-root sc-bdnxRM eMbhKg"
            >
              <div
                aria-haspopup="listbox"
                class="MuiSelect-root MuiSelect-select MuiSelect-selectMenu MuiInputBase-input MuiInput-input"
                role="button"
                tabindex="0"
              >
                EUR
              </div>
              <input
                aria-hidden="true"
                class="MuiSelect-nativeInput"
                tabindex="-1"
                value="33bba31a"
              />
              <svg
                aria-hidden="true"
                class="MuiSvgIcon-root MuiSelect-icon"
                focusable="false"
                viewBox="0 0 24 24"
              >
                <path
                  d="M7 10l5 5 5-5z"
                />
              </svg>
            </div>
            <div
              class="MuiInputBase-root MuiInput-root sc-eCApnc jQvmOi Mui-disabled Mui-disabled"
            >
              <input
                class="MuiInputBase-input MuiInput-input Mui-disabled Mui-disabled"
                disabled=""
                type="text"
                value="0"
              />
            </div>
          </div>
          <div
            class="sc-dlnjwi ffkZxH"
          >
            <span
              class="sc-hKFxyN dimflz"
            >
              Balance: 
              €
              87.00
            </span>
          </div>
        </div>
        <button
          class="MuiButtonBase-root MuiButton-root MuiButton-contained sc-jrsJWt bsREHq MuiButton-containedPrimary"
          tabindex="0"
          type="button"
        >
          <span
            class="MuiButton-label"
          >
            Exchange
          </span>
          <span
            class="MuiTouchRipple-root"
          />
        </button>
      </div>
    </div>
  </div>,
  "debug": [Function],
  "findAllByAltText": [Function],
  "findAllByDisplayValue": [Function],
  "findAllByLabelText": [Function],
  "findAllByPlaceholderText": [Function],
  "findAllByRole": [Function],
  "findAllByTestId": [Function],
  "findAllByText": [Function],
  "findAllByTitle": [Function],
  "findByAltText": [Function],
  "findByDisplayValue": [Function],
  "findByLabelText": [Function],
  "findByPlaceholderText": [Function],
  "findByRole": [Function],
  "findByTestId": [Function],
  "findByText": [Function],
  "findByTitle": [Function],
  "getAllByAltText": [Function],
  "getAllByDisplayValue": [Function],
  "getAllByLabelText": [Function],
  "getAllByPlaceholderText": [Function],
  "getAllByRole": [Function],
  "getAllByTestId": [Function],
  "getAllByText": [Function],
  "getAllByTitle": [Function],
  "getByAltText": [Function],
  "getByDisplayValue": [Function],
  "getByLabelText": [Function],
  "getByPlaceholderText": [Function],
  "getByRole": [Function],
  "getByTestId": [Function],
  "getByText": [Function],
  "getByTitle": [Function],
  "queryAllByAltText": [Function],
  "queryAllByDisplayValue": [Function],
  "queryAllByLabelText": [Function],
  "queryAllByPlaceholderText": [Function],
  "queryAllByRole": [Function],
  "queryAllByTestId": [Function],
  "queryAllByText": [Function],
  "queryAllByTitle": [Function],
  "queryByAltText": [Function],
  "queryByDisplayValue": [Function],
  "queryByLabelText": [Function],
  "queryByPlaceholderText": [Function],
  "queryByRole": [Function],
  "queryByTestId": [Function],
  "queryByText": [Function],
  "queryByTitle": [Function],
  "rerender": [Function],
  "unmount": [Function],
}
`;
